
> elevair@1.0.0 build
> next build

  Γû▓ Next.js 14.2.5

   Creating an optimized production build ...
 Γ£ô Compiled successfully
   Linting and checking validity of types ...
   Collecting page data ...
   Generating static pages (0/4) ...
   Generating static pages (1/4) 
   Generating static pages (2/4) 
   Generating static pages (3/4) 
 Γ£ô Generating static pages (4/4)
   Finalizing page optimization ...
   Collecting build traces ...

Route (app)                              Size     First Load JS
Γöî Γùï /                                    40.1 kB         127 kB
Γöö Γùï /_not-found                          871 B          87.9 kB
+ First Load JS shared by all            87 kB
  Γö£ chunks/23-b9ef0522bbb17d18.js        31.5 kB
  Γö£ chunks/fd9d1056-deff1db1fdb90fdb.js  53.6 kB
  Γöö other shared chunks (total)          1.86 kB


Γùï  (Static)  prerendered as static content

